RAM[0m
[0;32mI (378) heap_init: At 4008CCC4 len 0001333C (76 KiB): IRAMZï¿½ larger than the size in the binary image header(2048k). Using the size in the binary image header.[0m
[0;32mI (410) main_task: Started on CPU0[0m
[0;32mI (420) main_task: Calling app_main()[0m
[0ï¿½ets Jul 29 2019 12:21:46

rst:0x1 (POWERON_RESET),boot:0x13 (SPI_FAST_FLASH_BOOT)
configsip: 0, SPIWP:0xee
clk_drv:0x00,q_drv:0x00,d_drv:0x00,cs0_drv:0x00,hd_drv:0x00,wp_drv:0x00
mode:DIO, clock div:2
load:0x3fff0030,len:7172
load:0x40078000,len:15540
load:0x40080400,len:4
ho 8 tail 4 room 4
load:0x40080404,len:3904
entry 0x40080640
[0;32mI (31) boot: ESP-IDF v5.2.1-dirty 2nd stage bootloader[0m
[0;32mI (31) boot: compile time Apr 10 2024 23:08:42[0m
[0;32mI (31) boot: Multicore bootloader[0m
[0;32mI (36) boot: chip revision: v3.1[0m
[0;32mI (40) boot.esp32: SPI Speed      : 40MHz[0m
[0;32mI (44) boot.esp32: SPI Mode       : DIO[0m
[0;32mI (49) boot.esp32: SPI Flash Size : 2MB[0m
[0;32mI (53) boot: Enabling RNG early entropy source...[0m
[0;32mI (59) boot: Partition Table:[0m
[0;32mI (62) boot: ## Label            Usage          Type ST Offset   Length[0m
[0;32mI (70) boot:  0 nvs              WiFi data        01 02 00009000 00006000[0m
[0;32mI (77) boot:  1 phy_init         RF data          01 01 0000f000 00001000[0m
[0;32mI (85) boot:  2 factory          factory app      00 00 00010000 00100000[0m
[0;32mI (92) boot: End of partition table[0m
[0;32mI (96) esp_image: segment 0: paddr=00010020 vaddr=3f400020 size=1c864h (116836) map[0m
[0;32mI (145) esp_image: segment 1: paddr=0002c88c vaddr=3ffb0000 size=02364h (  9060) load[0m
[0;32mI (148) esp_image: segment 2: paddr=0002ebf8 vaddr=40080000 size=01420h (  5152) load[0m
[0;32mI (153) esp_image: segment 3: paddr=00030020 vaddr=400d0020 size=44b14h (281364) map[0m
[0;32mI (255) esp_image: segment 4: paddr=00074b3c vaddr=40081420 size=0b8a4h ( 47268) load[0m
[0;32mI (281) boot: Loaded app from partition at offset 0x10000[0m
[0;32mI (281) boot: Disabling RNG early entropy source...[0m
[0;32mI (292) cpu_start: Multicore app[0m
[0;32mI (301) cpu_start: Pro cpu start user code[0m
[0;32mI (301) cpu_start: cpu freq: 160000000 Hz[0m
[0;32mI (301) cpu_start: Application information:[0m
[0;32mI (304) cpu_start: Project name:     main[0m
[0;32mI (309) cpu_start: App version:      6d06eae-dirty[0m
[0;32mI (314) cpu_start: Compile time:     Apr 10 2024 23:08:37[0m
[0;32mI (320) cpu_start: ELF file SHA256:  41f34911c80c637c...[0m
[0;32mI (326) cpu_start: ESP-IDF:          v5.2.1-dirty[0m
[0;32mI (332) cpu_start: Min chip rev:     v0.0[0m
[0;32mI (336) cpu_start: Max chip rev:     v3.99 [0m
[0;32mI (341) cpu_start: Chip rev:         v3.1[0m
[0;32mI (346) heap_init: Initializing. RAM available for dynamic allocation:[0m
[0;32mI (353) heap_init: At 3FFAE6E0 len 00001920 (6 KiB): DRAM[0m
[0;32mI (359) heap_init: At 3FFB4350 len 0002BCB0 (175 KiB): DRAM[0m
[0;32mI (365) heap_init: At 3FFE0440 len 00003AE0 (14 KiB): D/IRAM[0m
[0;32mI (372) heap_init: At 3FFE4350 len 0001BCB0 (111 KiB): D/IRAM[0m
[0;32mI (378) heap_init: At 4008CCC4 len 0001333C (76 KiB): IRAM[0m
[0;32mI (386) spi_flash: detected chip: generic[0m
[0;32mI (389) spi_flash: flash io: dio[0m
[0;33mW (393) spi_flash: Detected size(4096k) larger than the size in the binary image header(2048k). Using the size in the binary image header.[0m
[0;32mI (410) main_task: Started on CPU0[0m
[0;32mI (420) main_task: Calling app_main()[0m
[0;32mI (420) gpio: GPIO[23]| InputEn: 1| OutputEn: 0| OpenDrain: 0| Pullup: 0| Pulldown: 1| Intr:1 [0m
Minimum free heap size: 292032 bytes
[0;32mI (420) main_task: Returned from app_main()[0m
Button GPIO 23 was pressed 0 times
Button GPIO 23 was pressed 1 times
Button GPIO 23 was pressed 2 times
Button GPIO 23 was pressed 3 times
Button GPIO 23 was pressed 4 times
Button GPIO 23 was pressed 5 times
Button GPIO 23 was pressed 6 times
Button GPIO 23 was pressed 7 times
Button GPIO 23 was pressed 8 times
Button GPIO 23 was pressed 9 times
Button GPIO 23 was pressed 10 times
Button GPIO 23 was pressed 11 times
Button GPIO 23 was pressed 12 times
Button GPIO 23 was pressed 13 times
Button GPIO 23 was pressed 14 times
Button GPIO 23 was pressed 15 times
Button GPIO 23 was pressed 16 times
Button GPIO 23 was pressed 17 times
Button GPIO 23 was pressed 18 times
Button GPIO 23 was pressed 19 times
Button GPIO 23 was pressed 20 times
Button GPIO 23 was pressed 21 times
Button GPIO 23 was pressed 22 times
Button GPIO 23 was pressed 23 times
Button GPIO 23 was pressed 24 times
Button GPIO 23 was pressed 25 times
Button GPIO 23 was pressed 26 times
Button GPIO 23 was pressed 27 times
Button GPIO 23 was pressed 28 times
Button GPIO 23 was pressed 29 times
Button GPIO 23 was pressed 30 times
Button GPIO 23 was pressed 31 times
Button GPIO 23 was pressed 32 times
Button GPIO 23 was pressed 33 times
Button GPIO 23 was pressed 34 times
Button GPIO 23 was pressed 35 times
Button GPIO 23 was pressed 36 times
Button GPIO 23 was pressed 37 times
Button GPIO 23 was pressed 38 times
Button GPIO 23 was pressed 39 times
Button GPIO 23 was pressed 40 times
Button GPIO 23 was pressed 41 times
Button GPIO 23 was pressed 42 times
Button GPIO 23 was pressed 43 times
Button GPIO 23 was pressed 44 times
Button GPIO 23 was pressed 45 times
Button GPIO 23 was pressed 46 times
Button GPIO 23 was pressed 47 times
Button GPIO 23 was pressed 48 times
Button GPIO 23 was pressed 49 times
Button GPIO 23 was pressed 50 times
Button GPIO 23 was pressed 51 times
Button GPIO 23 was pressed 52 times
Button GPIO 23 was pressed 53 times
Button GPIO 23 was pressed 54 times
Button GPIO 23 was pressed 55 times
Button GPIO 23 was pressed 56 times
Button GPIO 23 was pressed 57 times
Button GPIO 23 was pressed 58 times
Button GPIO 23 was pressed 59 times
Button GPIO 23 was pressed 60 times
Button GPIO 23 was pressed 61 times
Button GPIO 23 was pressed 62 times
Button GPIO 23 was pressed 63 times
Button GPIO 23 was pressed 64 times
Button GPIO 23 was pressed 65 times
Button GPIO 23 was pressed 66 times
Button GPIO 23 was pressed 67 times
Button GPIO 23 was pressed 68 times
Button GPIO 23 was pressed 69 times
Button GPIO 23 was pressed 70 times
Button GPIO 23 was pressed 71 times
Button GPIO 23 was pressed 72 times
Button GPIO 23 was pressed 73 times
Button GPIO 23 was pressed 74 times
Button GPIO 23 was pressed 75 times
